[INFO] Scanning for projects...
[INFO] 
[INFO] ----------------------< com.mitmeerut:CFM_Portal >----------------------
[INFO] Building CFM_Portal 0.0.1-SNAPSHOT
[INFO]   from pom.xml
[INFO] --------------------------------[ jar ]---------------------------------
[INFO] 
[INFO] --- resources:3.3.1:resources (default-resources) @ CFM_Portal ---
[INFO] Copying 1 resource from src\main\resources to target\classes
[INFO] Copying 1 resource from src\main\resources to target\classes
[INFO] 
[INFO] --- compiler:3.14.1:compile (default-compile) @ CFM_Portal ---
[INFO] Recompiling the module because of changed source code.
[INFO] Compiling 158 source files with javac [debug parameters release 17] to target\classes
[INFO] /C:/Users/kunda/Downloads/updatedCFM/updatedCFM-main/CFM_Backend/src/main/java/com/mitmeerut/CFM_Portal/security/jwt/JwtTokenProvider.java: C:\Users\kunda\Downloads\updatedCFM\updatedCFM-main\CFM_Backend\src\main\java\com\mitmeerut\CFM_Portal\security\jwt\JwtTokenProvider.java uses unchecked or unsafe operations.
[INFO] /C:/Users/kunda/Downloads/updatedCFM/updatedCFM-main/CFM_Backend/src/main/java/com/mitmeerut/CFM_Portal/security/jwt/JwtTokenProvider.java: Recompile with -Xlint:unchecked for details.
[INFO] ------------------------------------------------------------------------
[INFO] BUILD SUCCESS
[INFO] ------------------------------------------------------------------------
[INFO] Total time:  7.160 s
[INFO] Finished at: 2026-02-23T23:57:39+05:30
[INFO] ------------------------------------------------------------------------
